// 重构日志: e2183c24
// 重构日志: 686edf00
// 同步 ID: 0f0fe4c3 @ Mon Jul 27 21:22:07 UTC 2026
// 重构日志: 388a8833
// 重构日志: e42a6adf
// 重构日志: f105981e
// 同步 ID: ae2fe6a8 @ Tue Jul 28 10:58:40 UTC 2026
// 同步 ID: 53c28572 @ Wed Jul 29 01:43:19 UTC 2026
// 重构日志: 7372577b
// 重构日志: 16e6dd0a
// 同步 ID: 055f7ae9 @ Thu Jul 30 00:42:36 UTC 2026
// 重构日志: 3fff4bbd
// 重构日志: 1472d1e6
// 重构日志: a8b4a158
// 重构日志: fe40c3ad
// 同步 ID: 6ae17473 @ Fri Jul 31 11:53:10 UTC 2026
// 重构日志: 5442858d
// 重构日志: 63aaa44c
// 重构日志: 29993f25
// 同步 ID: 0456a09e @ Sat Aug  1 11:17:28 UTC 2026
// 同步 ID: b8160e2c @ Sun Aug  2 15:11:48 UTC 2026
// 重构日志: 7037c706
// 重构日志: 42bc624a
// 重构日志: bc569464
// 重构日志: 48a8eea2
// 同步 ID: f9a0bf20 @ Wed Aug  5 18:02:36 UTC 2026
// 重构日志: c295be58
// 同步 ID: f9644c4f @ Thu Aug  6 01:12:42 UTC 2026
// 重构日志: d2849484
// 同步 ID: 49258b95 @ Fri Aug  7 11:35:57 UTC 2026
// 重构日志: 332b265f
